/apps/jasmin/jaspy/miniforge_envs/jaspy3.12/mf3-25.3.0-3/envs/jaspy3.12-mf3-25.3.0-3-v20250704/lib/python3.12/site-packages/gsw/stability.py:86: RuntimeWarning: divide by zero encountered in divide
  N2 = ((g_local**2) / (specvol_mid * db_to_pa * dp))

============================================================
 PINN Tracer Inference — pre-trained model
============================================================
  Device       : cuda
  Checkpoint   : ./output/pinn_tracer.pt
  Ocean model  : /work/scratch-pw5/thopri/cmems_mod_arc_phy_my_topaz4_P1M_thetao-so_180.00W-179.88E_50.00N-90.00N_0.00-4000.00m_1991-01-01-2026-01-01.nc
  Target time  : 2023-02
  MC samples   : 100
  Output dir   : ./infer_output

── Loading checkpoint ──────────────────────────────────────
  Checkpoint   : ./output/pinn_tracer.pt
  Architecture : hidden_dim=256, n_blocks=4, n_features=7
  Features     : ['sigma0', 'spice', 'sigma2', 'log_depth', 'year_norm', 'season_sin', 'season_cos']

── Ocean model inference ────────────────────────────────────
  File   : /work/scratch-pw5/thopri/cmems_mod_arc_phy_my_topaz4_P1M_thetao-so_180.00W-179.88E_50.00N-90.00N_0.00-4000.00m_1991-01-01-2026-01-01.nc
  Target : 2023-02
  Nearest time slice selected: 2023-02-01
  Grid points: 36,979,200 total, 13,518,927 unmasked (36.6 %)
  Saved NetCDF: ./infer_output/tracer_predicted_2023_02.nc
  Saved: ./infer_output/model_10m_map_2023_02.png

============================================================
  All outputs written to: ./infer_output/
============================================================

